{
    "Jonathan Carter": {
        "Sruthi Chandran": 201,
        "Brian Gupta": 241,
        "None Of The Above": 267
    },
    "Sruthi Chandran": {
        "Jonathan Carter": 0,
        "Brian Gupta": 49,
        "None Of The Above": 168
    },
    "Brian Gupta": {
        "Jonathan Carter": 0,
        "Sruthi Chandran": 0,
        "None Of The Above": 69
    },
    "None Of The Above": {
        "Jonathan Carter": 0,
        "Sruthi Chandran": 0,
        "Brian Gupta": 0
    }
}